2025-11-29 04:59:02,055 WARNING machine: pyserial not found, forcing MOCK mode
2025-11-29 04:59:02,058 WARNING machine: pyserial not found, forcing MOCK mode
2025-11-29 04:59:04,059 INFO machine: MachineCommand SEND: dep1
2025-11-29 04:59:04,059 INFO machine: [MOCK] Sending command: dep1
2025-11-29 04:59:04,559 INFO machine: MachineCommand RECV (mock): dep1 -> device power on
2025-11-29 04:59:06,560 INFO machine: MachineCommand SEND: homing
2025-11-29 04:59:06,560 INFO machine: [MOCK] Sending command: homing
2025-11-29 04:59:07,060 INFO machine: MachineCommand RECV (mock): homing -> ack
2025-11-29 04:59:07,331 WARNING machine: pyserial not found, forcing MOCK mode
2025-11-29 04:59:07,332 WARNING machine: pyserial not found, forcing MOCK mode
2025-11-29 04:59:09,333 INFO machine: MachineCommand SEND: dep1
2025-11-29 04:59:09,333 INFO machine: [MOCK] Sending command: dep1
2025-11-29 04:59:09,834 INFO machine: MachineCommand RECV (mock): dep1 -> device power on
2025-11-29 04:59:11,835 INFO machine: MachineCommand SEND: homing
2025-11-29 04:59:11,835 INFO machine: [MOCK] Sending command: homing
2025-11-29 04:59:12,335 INFO machine: MachineCommand RECV (mock): homing -> ack
2025-11-29 04:59:23,346 INFO machine: MachineCommand SEND: open
2025-11-29 04:59:23,347 INFO machine: [MOCK] Sending command: open
2025-11-29 04:59:23,847 INFO machine: MachineCommand RECV (mock): open -> opened
2025-11-29 05:02:12,647 INFO machine: MachineCommand SEND: open
2025-11-29 05:02:12,647 INFO machine: [MOCK] Sending command: open
2025-11-29 05:02:13,147 INFO machine: MachineCommand RECV (mock): open -> opened
2025-11-29 05:05:52,923 INFO machine: MachineCommand SEND: open
2025-11-29 05:05:52,923 INFO machine: [MOCK] Sending command: open
2025-11-29 05:05:53,424 INFO machine: MachineCommand RECV (mock): open -> opened
2025-11-29 05:06:38,829 INFO machine: MachineCommand SEND: close
2025-11-29 05:06:38,830 INFO machine: [MOCK] Sending command: close
2025-11-29 05:06:39,330 INFO machine: MachineCommand RECV (mock): close -> closed
2025-11-29 05:06:40,830 INFO machine: MachineCommand SEND: bookok
2025-11-29 05:06:40,830 INFO machine: [MOCK] Sending command: bookok
2025-11-29 05:06:41,330 INFO machine: MachineCommand RECV (mock): bookok -> book is ok
2025-11-29 05:06:42,830 INFO machine: MachineCommand SEND: put1
2025-11-29 05:06:42,830 INFO machine: [MOCK] Sending command: put1
2025-11-29 05:06:43,331 INFO machine: MachineCommand RECV (mock): put1 -> been put1
2025-11-29 05:06:54,028 INFO machine: MachineCommand SEND: open
2025-11-29 05:06:54,028 INFO machine: [MOCK] Sending command: open
2025-11-29 05:06:54,528 INFO machine: MachineCommand RECV (mock): open -> opened
2025-11-29 05:06:59,702 INFO machine: MachineCommand SEND: close
2025-11-29 05:06:59,702 INFO machine: [MOCK] Sending command: close
2025-11-29 05:07:00,202 INFO machine: MachineCommand RECV (mock): close -> closed
2025-11-29 05:07:01,702 INFO machine: MachineCommand SEND: bookok
2025-11-29 05:07:01,702 INFO machine: [MOCK] Sending command: bookok
2025-11-29 05:07:02,202 INFO machine: MachineCommand RECV (mock): bookok -> book is ok
2025-11-29 05:07:03,702 INFO machine: MachineCommand SEND: put1
2025-11-29 05:07:03,702 INFO machine: [MOCK] Sending command: put1
2025-11-29 05:07:04,203 INFO machine: MachineCommand RECV (mock): put1 -> been put1
2025-11-29 05:08:52,854 INFO machine: MachineCommand SEND: open
2025-11-29 05:08:52,854 INFO machine: [MOCK] Sending command: open
2025-11-29 05:08:53,355 INFO machine: MachineCommand RECV (mock): open -> opened
2025-11-29 05:14:07,067 INFO machine: Machine idle timeout, entering sleep mode (dep0)
2025-11-29 05:14:07,067 INFO machine: MachineCommand SEND: dep0
2025-11-29 05:14:07,067 INFO machine: [MOCK] Sending command: dep0
2025-11-29 05:14:07,568 INFO machine: MachineCommand RECV (mock): dep0 -> device power off
2025-11-29 05:16:29,989 INFO machine: MachineCommand SEND: open
2025-11-29 05:16:29,989 INFO machine: [MOCK] Sending command: open
2025-11-29 05:16:30,490 INFO machine: MachineCommand RECV (mock): open -> opened
2025-11-29 05:16:50,462 WARNING machine: pyserial not found, forcing MOCK mode
2025-11-29 05:16:50,463 WARNING machine: pyserial not found, forcing MOCK mode
2025-11-29 05:16:52,464 INFO machine: MachineCommand SEND: dep1
2025-11-29 05:16:52,464 INFO machine: [MOCK] Sending command: dep1
2025-11-29 05:16:52,965 INFO machine: MachineCommand RECV (mock): dep1 -> device power on
2025-11-29 05:16:54,965 INFO machine: MachineCommand SEND: homing
2025-11-29 05:16:54,965 INFO machine: [MOCK] Sending command: homing
2025-11-29 05:16:55,466 INFO machine: MachineCommand RECV (mock): homing -> ack
2025-11-29 05:20:23,731 INFO machine: MachineCommand SEND: open
2025-11-29 05:20:23,731 INFO machine: [MOCK] Sending command: open
2025-11-29 05:20:24,232 INFO machine: MachineCommand RECV (mock): open -> opened
2025-11-29 05:20:34,663 INFO machine: MachineCommand SEND: open
2025-11-29 05:20:34,663 INFO machine: [MOCK] Sending command: open
2025-11-29 05:20:35,164 INFO machine: MachineCommand RECV (mock): open -> opened
2025-11-29 05:20:53,374 INFO machine: MachineCommand SEND: open
2025-11-29 05:20:53,375 INFO machine: [MOCK] Sending command: open
2025-11-29 05:20:53,875 INFO machine: MachineCommand RECV (mock): open -> opened
2025-11-29 05:22:24,656 INFO machine: MachineCommand SEND: open
2025-11-29 05:22:24,656 INFO machine: [MOCK] Sending command: open
2025-11-29 05:22:25,157 INFO machine: MachineCommand RECV (mock): open -> opened
2025-11-29 05:25:58,781 INFO machine: MachineCommand SEND: open
2025-11-29 05:25:58,781 INFO machine: [MOCK] Sending command: open
2025-11-29 05:25:59,282 INFO machine: MachineCommand RECV (mock): open -> opened
2025-11-29 05:27:21,996 INFO machine: MachineCommand SEND: open
2025-11-29 05:27:21,996 INFO machine: [MOCK] Sending command: open
2025-11-29 05:27:22,496 INFO machine: MachineCommand RECV (mock): open -> opened
2025-11-29 05:29:24,847 INFO machine: MachineCommand SEND: open
2025-11-29 05:29:24,847 INFO machine: [MOCK] Sending command: open
2025-11-29 05:29:25,348 INFO machine: MachineCommand RECV (mock): open -> opened
2025-11-29 05:30:46,573 INFO machine: MachineCommand SEND: open
2025-11-29 05:30:46,573 INFO machine: [MOCK] Sending command: open
2025-11-29 05:30:47,073 INFO machine: MachineCommand RECV (mock): open -> opened
2025-11-29 05:31:55,473 INFO machine: Machine idle timeout, entering sleep mode (dep0)
2025-11-29 05:31:55,473 INFO machine: MachineCommand SEND: dep0
2025-11-29 05:31:55,473 INFO machine: [MOCK] Sending command: dep0
2025-11-29 05:31:55,974 INFO machine: MachineCommand RECV (mock): dep0 -> device power off
2025-11-29 05:32:38,155 INFO machine: MachineCommand SEND: close
2025-11-29 05:32:38,155 INFO machine: [MOCK] Sending command: close
2025-11-29 05:32:38,456 INFO machine: Waking up machine...
2025-11-29 05:32:38,656 INFO machine: MachineCommand RECV (mock): close -> closed
2025-11-29 05:32:40,156 INFO machine: MachineCommand SEND: dep1
2025-11-29 05:32:40,156 INFO machine: [MOCK] Sending command: dep1
2025-11-29 05:32:40,656 INFO machine: MachineCommand RECV (mock): dep1 -> device power on
2025-11-29 05:32:42,156 INFO machine: MachineCommand SEND: bookok
2025-11-29 05:32:42,156 INFO machine: [MOCK] Sending command: bookok
2025-11-29 05:32:42,656 INFO machine: MachineCommand RECV (mock): bookok -> book is ok
2025-11-29 05:32:44,156 INFO machine: MachineCommand SEND: put1
2025-11-29 05:32:44,156 INFO machine: [MOCK] Sending command: put1
2025-11-29 05:32:44,657 INFO machine: MachineCommand RECV (mock): put1 -> been put1
2025-11-29 05:33:03,008 WARNING machine: pyserial not found, forcing MOCK mode
2025-11-29 05:33:03,010 WARNING machine: pyserial not found, forcing MOCK mode
2025-11-29 05:33:05,010 INFO machine: MachineCommand SEND: dep1
2025-11-29 05:33:05,010 INFO machine: [MOCK] Sending command: dep1
2025-11-29 05:33:05,511 INFO machine: MachineCommand RECV (mock): dep1 -> device power on
2025-11-29 05:33:07,511 INFO machine: MachineCommand SEND: homing
2025-11-29 05:33:07,511 INFO machine: [MOCK] Sending command: homing
2025-11-29 05:33:08,012 INFO machine: MachineCommand RECV (mock): homing -> ack
2025-11-29 05:33:08,389 WARNING machine: pyserial not found, forcing MOCK mode
2025-11-29 05:33:08,390 WARNING machine: pyserial not found, forcing MOCK mode
2025-11-29 05:33:10,391 INFO machine: MachineCommand SEND: dep1
2025-11-29 05:33:10,391 INFO machine: [MOCK] Sending command: dep1
2025-11-29 05:33:10,891 INFO machine: MachineCommand RECV (mock): dep1 -> device power on
2025-11-29 05:33:12,892 INFO machine: MachineCommand SEND: homing
2025-11-29 05:33:12,892 INFO machine: [MOCK] Sending command: homing
2025-11-29 05:33:13,392 INFO machine: MachineCommand RECV (mock): homing -> ack
2025-11-29 05:33:19,458 INFO machine: MachineCommand SEND: open
2025-11-29 05:33:19,458 INFO machine: [MOCK] Sending command: open
2025-11-29 05:33:19,958 INFO machine: MachineCommand RECV (mock): open -> opened
2025-11-29 05:33:21,768 INFO machine: MachineCommand SEND: close
2025-11-29 05:33:21,768 INFO machine: [MOCK] Sending command: close
2025-11-29 05:33:22,269 INFO machine: MachineCommand RECV (mock): close -> closed
2025-11-29 05:33:23,769 INFO machine: MachineCommand SEND: bookok
2025-11-29 05:33:23,769 INFO machine: [MOCK] Sending command: bookok
2025-11-29 05:33:24,269 INFO machine: MachineCommand RECV (mock): bookok -> book is ok
2025-11-29 05:33:25,769 INFO machine: MachineCommand SEND: put1
2025-11-29 05:33:25,769 INFO machine: [MOCK] Sending command: put1
2025-11-29 05:33:26,270 INFO machine: MachineCommand RECV (mock): put1 -> been put1
2025-11-29 05:41:25,259 INFO machine: MachineCommand SEND: open
2025-11-29 05:41:25,259 INFO machine: [MOCK] Sending command: open
2025-11-29 05:41:25,760 INFO machine: MachineCommand RECV (mock): open -> opened
2025-11-29 05:41:27,369 INFO machine: MachineCommand SEND: close
2025-11-29 05:41:27,369 INFO machine: [MOCK] Sending command: close
2025-11-29 05:41:27,869 INFO machine: MachineCommand RECV (mock): close -> closed
2025-11-29 05:41:29,369 INFO machine: MachineCommand SEND: bookok
2025-11-29 05:41:29,369 INFO machine: [MOCK] Sending command: bookok
2025-11-29 05:41:29,870 INFO machine: MachineCommand RECV (mock): bookok -> book is ok
2025-11-29 05:41:31,370 INFO machine: MachineCommand SEND: put1
2025-11-29 05:41:31,370 INFO machine: [MOCK] Sending command: put1
2025-11-29 05:41:31,871 INFO machine: MachineCommand RECV (mock): put1 -> been put1
2025-11-29 05:41:43,591 WARNING machine: pyserial not found, forcing MOCK mode
2025-11-29 05:41:43,593 WARNING machine: pyserial not found, forcing MOCK mode
2025-11-29 05:41:45,593 INFO machine: MachineCommand SEND: dep1
2025-11-29 05:41:45,593 INFO machine: [MOCK] Sending command: dep1
2025-11-29 05:41:46,094 INFO machine: MachineCommand RECV (mock): dep1 -> device power on
2025-11-29 05:41:48,094 INFO machine: MachineCommand SEND: homing
2025-11-29 05:41:48,094 INFO machine: [MOCK] Sending command: homing
2025-11-29 05:41:48,595 INFO machine: MachineCommand RECV (mock): homing -> ack
2025-11-29 05:41:50,094 INFO machine: MachineCommand SEND: open
2025-11-29 05:41:50,095 INFO machine: [MOCK] Sending command: open
2025-11-29 05:41:50,595 INFO machine: MachineCommand RECV (mock): open -> opened
2025-11-29 05:43:18,080 WARNING machine: pyserial not found, forcing MOCK mode
2025-11-29 05:43:18,081 WARNING machine: pyserial not found, forcing MOCK mode
2025-11-29 05:43:20,082 INFO machine: MachineCommand SEND: dep1
2025-11-29 05:43:20,082 INFO machine: [MOCK] Sending command: dep1
2025-11-29 05:43:20,582 INFO machine: MachineCommand RECV (mock): dep1 -> device power on
2025-11-29 05:43:22,582 INFO machine: MachineCommand SEND: homing
2025-11-29 05:43:22,583 INFO machine: [MOCK] Sending command: homing
2025-11-29 05:43:23,083 INFO machine: MachineCommand RECV (mock): homing -> ack
2025-11-29 05:44:59,089 INFO machine: MachineCommand SEND: close
2025-11-29 05:44:59,089 INFO machine: [MOCK] Sending command: close
2025-11-29 05:44:59,590 INFO machine: MachineCommand RECV (mock): close -> closed
2025-11-29 05:45:01,090 INFO machine: MachineCommand SEND: bookok
2025-11-29 05:45:01,090 INFO machine: [MOCK] Sending command: bookok
2025-11-29 05:45:01,590 INFO machine: MachineCommand RECV (mock): bookok -> book is ok
2025-11-29 05:45:03,090 INFO machine: MachineCommand SEND: put1
2025-11-29 05:45:03,090 INFO machine: [MOCK] Sending command: put1
2025-11-29 05:45:03,591 INFO machine: MachineCommand RECV (mock): put1 -> been put1
2025-11-29 05:47:17,789 INFO machine: MachineCommand SEND: open
2025-11-29 05:47:17,789 INFO machine: [MOCK] Sending command: open
2025-11-29 05:47:18,289 INFO machine: MachineCommand RECV (mock): open -> opened
2025-11-29 05:47:21,663 INFO machine: MachineCommand SEND: close
2025-11-29 05:47:21,663 INFO machine: [MOCK] Sending command: close
2025-11-29 05:47:22,163 INFO machine: MachineCommand RECV (mock): close -> closed
2025-11-29 05:47:23,663 INFO machine: MachineCommand SEND: bookok
2025-11-29 05:47:23,663 INFO machine: [MOCK] Sending command: bookok
2025-11-29 05:47:24,163 INFO machine: MachineCommand RECV (mock): bookok -> book is ok
2025-11-29 05:47:25,663 INFO machine: MachineCommand SEND: put1
2025-11-29 05:47:25,663 INFO machine: [MOCK] Sending command: put1
2025-11-29 05:47:26,164 INFO machine: MachineCommand RECV (mock): put1 -> been put1
2025-11-29 05:48:08,019 INFO machine: Machine idle timeout, entering sleep mode (dep0)
2025-11-29 05:48:08,019 INFO machine: MachineCommand SEND: dep0
2025-11-29 05:48:08,019 INFO machine: [MOCK] Sending command: dep0
2025-11-29 05:48:08,519 INFO machine: MachineCommand RECV (mock): dep0 -> device power off
2025-11-29 05:48:29,982 WARNING machine: pyserial not found, forcing MOCK mode
2025-11-29 05:48:29,983 WARNING machine: pyserial not found, forcing MOCK mode
2025-11-29 05:48:31,983 INFO machine: MachineCommand SEND: dep1
2025-11-29 05:48:31,983 INFO machine: [MOCK] Sending command: dep1
2025-11-29 05:48:32,484 INFO machine: MachineCommand RECV (mock): dep1 -> device power on
2025-11-29 05:48:34,484 INFO machine: MachineCommand SEND: homing
2025-11-29 05:48:34,484 INFO machine: [MOCK] Sending command: homing
2025-11-29 05:48:34,984 INFO machine: MachineCommand RECV (mock): homing -> ack
2025-11-29 05:48:44,937 INFO machine: MachineCommand SEND: open
2025-11-29 05:48:44,937 INFO machine: [MOCK] Sending command: open
2025-11-29 05:48:45,438 INFO machine: MachineCommand RECV (mock): open -> opened
2025-11-29 05:48:47,024 INFO machine: MachineCommand SEND: close
2025-11-29 05:48:47,024 INFO machine: [MOCK] Sending command: close
2025-11-29 05:48:47,524 INFO machine: MachineCommand RECV (mock): close -> closed
2025-11-29 05:48:49,024 INFO machine: MachineCommand SEND: bookok
2025-11-29 05:48:49,024 INFO machine: [MOCK] Sending command: bookok
2025-11-29 05:48:49,525 INFO machine: MachineCommand RECV (mock): bookok -> book is ok
2025-11-29 05:48:51,025 INFO machine: MachineCommand SEND: put1
2025-11-29 05:48:51,025 INFO machine: [MOCK] Sending command: put1
2025-11-29 05:48:51,525 INFO machine: MachineCommand RECV (mock): put1 -> been put1
2025-11-29 05:49:51,476 WARNING machine: pyserial not found, forcing MOCK mode
2025-11-29 05:49:51,477 WARNING machine: pyserial not found, forcing MOCK mode
